LTspice 24.0.12 for Windows
Circuit: * P:\OneDrive - Amrita vishwa vidyapeetham\ASEB\B.Tech\3rd Year\6th Semester\Real Time Operating Systems\Project\LTspice\HB100-ESP32.asc
Start Time: Sat Jun 13 09:44:04 2026
solver = Normal
Maximum thread count: 8
tnom = 27
temp = 27
method = modified trap
Direct Newton iteration failed to find .op point.  (Use ".option noopiter" to skip.)
Starting Gmin stepping
Gmin = 10
Gmin = 1.07374
Gmin = 0.115292
Gmin = 0.0123794
Gmin = 0.00132923
Gmin = 0.000142725
Gmin = 1.5325e-05
Gmin = 1.6455e-06
vernier = 0.5
vernier = 0.666667
Gmin = 5.00922e-07
vernier = 0.888888
Gmin = 8.49738e-08
vernier = 1
Gmin = 9.33136e-09
Gmin = 1.00195e-09
Gmin = 1.07583e-10
Gmin = 1.15517e-11
Gmin = 1.24035e-12
Gmin = 1.33182e-13
Gmin = 0
Gmin stepping succeeded in finding the operating point.

Total elapsed time: 0.124 seconds.

